// Jest Snapshot v1, https://goo.gl/fbAQLP

exports[`FilmCard run correctly 1`] = `
<article
  className="small-movie-card catalog__movies-card"
>
  <button
    className="small-movie-card__play-btn"
    onClick={[Function]}
    type="button"
  >
    Play
  </button>
  <div
    className="small-movie-card__image"
  >
    <img
      alt="Fantastic Beasts: The Crimes of Grindelwald"
      height="175"
      width="280"
    />
  </div>
  <h3
    className="small-movie-card__title"
  >
    <a
      className="small-movie-card__link"
      href="movie-page.html"
    />
  </h3>
</article>
`;
